Archive member included because of file (symbol)

c:/program files (x86)/atmel/atmel studio 6.0/extensions/atmel/avrgcc/3.4.0.65/avrtoolchain/bin/../lib/gcc/avr/4.6.2/../../../../avr/lib/avr6\libm.a(addsf3.o)
                              SketchBot_final.o (__subsf3)
c:/program files (x86)/atmel/atmel studio 6.0/extensions/atmel/avrgcc/3.4.0.65/avrtoolchain/bin/../lib/gcc/avr/4.6.2/../../../../avr/lib/avr6\libm.a(addsf3x.o)
                              c:/program files (x86)/atmel/atmel studio 6.0/extensions/atmel/avrgcc/3.4.0.65/avrtoolchain/bin/../lib/gcc/avr/4.6.2/../../../../avr/lib/avr6\libm.a(addsf3.o) (__addsf3x)
c:/program files (x86)/atmel/atmel studio 6.0/extensions/atmel/avrgcc/3.4.0.65/avrtoolchain/bin/../lib/gcc/avr/4.6.2/../../../../avr/lib/avr6\libm.a(atan2.o)
                              SketchBot_final.o (atan2)
c:/program files (x86)/atmel/atmel studio 6.0/extensions/atmel/avrgcc/3.4.0.65/avrtoolchain/bin/../lib/gcc/avr/4.6.2/../../../../avr/lib/avr6\libm.a(atan.o)
                              c:/program files (x86)/atmel/atmel studio 6.0/extensions/atmel/avrgcc/3.4.0.65/avrtoolchain/bin/../lib/gcc/avr/4.6.2/../../../../avr/lib/avr6\libm.a(atan2.o) (atan)
c:/program files (x86)/atmel/atmel studio 6.0/extensions/atmel/avrgcc/3.4.0.65/avrtoolchain/bin/../lib/gcc/avr/4.6.2/../../../../avr/lib/avr6\libm.a(cmpsf2.o)
                              SketchBot_final.o (__eqsf2)
c:/program files (x86)/atmel/atmel studio 6.0/extensions/atmel/avrgcc/3.4.0.65/avrtoolchain/bin/../lib/gcc/avr/4.6.2/../../../../avr/lib/avr6\libm.a(divsf3.o)
                              SketchBot_final.o (__divsf3)
c:/program files (x86)/atmel/atmel studio 6.0/extensions/atmel/avrgcc/3.4.0.65/avrtoolchain/bin/../lib/gcc/avr/4.6.2/../../../../avr/lib/avr6\libm.a(divsf3x.o)
                              c:/program files (x86)/atmel/atmel studio 6.0/extensions/atmel/avrgcc/3.4.0.65/avrtoolchain/bin/../lib/gcc/avr/4.6.2/../../../../avr/lib/avr6\libm.a(divsf3.o) (__divsf3x)
c:/program files (x86)/atmel/atmel studio 6.0/extensions/atmel/avrgcc/3.4.0.65/avrtoolchain/bin/../lib/gcc/avr/4.6.2/../../../../avr/lib/avr6\libm.a(fixunssfsi.o)
                              SketchBot_final.o (__fixunssfsi)
c:/program files (x86)/atmel/atmel studio 6.0/extensions/atmel/avrgcc/3.4.0.65/avrtoolchain/bin/../lib/gcc/avr/4.6.2/../../../../avr/lib/avr6\libm.a(floatsisf.o)
                              SketchBot_final.o (__floatunsisf)
c:/program files (x86)/atmel/atmel studio 6.0/extensions/atmel/avrgcc/3.4.0.65/avrtoolchain/bin/../lib/gcc/avr/4.6.2/../../../../avr/lib/avr6\libm.a(fp_cmp.o)
                              c:/program files (x86)/atmel/atmel studio 6.0/extensions/atmel/avrgcc/3.4.0.65/avrtoolchain/bin/../lib/gcc/avr/4.6.2/../../../../avr/lib/avr6\libm.a(cmpsf2.o) (__fp_cmp)
c:/program files (x86)/atmel/atmel studio 6.0/extensions/atmel/avrgcc/3.4.0.65/avrtoolchain/bin/../lib/gcc/avr/4.6.2/../../../../avr/lib/avr6\libm.a(fp_inf.o)
                              c:/program files (x86)/atmel/atmel studio 6.0/extensions/atmel/avrgcc/3.4.0.65/avrtoolchain/bin/../lib/gcc/avr/4.6.2/../../../../avr/lib/avr6\libm.a(addsf3x.o) (__fp_inf)
c:/program files (x86)/atmel/atmel studio 6.0/extensions/atmel/avrgcc/3.4.0.65/avrtoolchain/bin/../lib/gcc/avr/4.6.2/../../../../avr/lib/avr6\libm.a(fp_nan.o)
                              c:/program files (x86)/atmel/atmel studio 6.0/extensions/atmel/avrgcc/3.4.0.65/avrtoolchain/bin/../lib/gcc/avr/4.6.2/../../../../avr/lib/avr6\libm.a(addsf3x.o) (__fp_nan)
c:/program files (x86)/atmel/atmel studio 6.0/extensions/atmel/avrgcc/3.4.0.65/avrtoolchain/bin/../lib/gcc/avr/4.6.2/../../../../avr/lib/avr6\libm.a(fp_powser.o)
                              c:/program files (x86)/atmel/atmel studio 6.0/extensions/atmel/avrgcc/3.4.0.65/avrtoolchain/bin/../lib/gcc/avr/4.6.2/../../../../avr/lib/avr6\libm.a(atan.o) (__fp_powser)
c:/program files (x86)/atmel/atmel studio 6.0/extensions/atmel/avrgcc/3.4.0.65/avrtoolchain/bin/../lib/gcc/avr/4.6.2/../../../../avr/lib/avr6\libm.a(fp_pscA.o)
                              c:/program files (x86)/atmel/atmel studio 6.0/extensions/atmel/avrgcc/3.4.0.65/avrtoolchain/bin/../lib/gcc/avr/4.6.2/../../../../avr/lib/avr6\libm.a(addsf3x.o) (__fp_pscA)
c:/program files (x86)/atmel/atmel studio 6.0/extensions/atmel/avrgcc/3.4.0.65/avrtoolchain/bin/../lib/gcc/avr/4.6.2/../../../../avr/lib/avr6\libm.a(fp_pscB.o)
                              c:/program files (x86)/atmel/atmel studio 6.0/extensions/atmel/avrgcc/3.4.0.65/avrtoolchain/bin/../lib/gcc/avr/4.6.2/../../../../avr/lib/avr6\libm.a(addsf3x.o) (__fp_pscB)
c:/program files (x86)/atmel/atmel studio 6.0/extensions/atmel/avrgcc/3.4.0.65/avrtoolchain/bin/../lib/gcc/avr/4.6.2/../../../../avr/lib/avr6\libm.a(fp_round.o)
                              c:/program files (x86)/atmel/atmel studio 6.0/extensions/atmel/avrgcc/3.4.0.65/avrtoolchain/bin/../lib/gcc/avr/4.6.2/../../../../avr/lib/avr6\libm.a(addsf3.o) (__fp_round)
c:/program files (x86)/atmel/atmel studio 6.0/extensions/atmel/avrgcc/3.4.0.65/avrtoolchain/bin/../lib/gcc/avr/4.6.2/../../../../avr/lib/avr6\libm.a(fp_split3.o)
                              c:/program files (x86)/atmel/atmel studio 6.0/extensions/atmel/avrgcc/3.4.0.65/avrtoolchain/bin/../lib/gcc/avr/4.6.2/../../../../avr/lib/avr6\libm.a(addsf3x.o) (__fp_split3)
c:/program files (x86)/atmel/atmel studio 6.0/extensions/atmel/avrgcc/3.4.0.65/avrtoolchain/bin/../lib/gcc/avr/4.6.2/../../../../avr/lib/avr6\libm.a(fp_zero.o)
                              c:/program files (x86)/atmel/atmel studio 6.0/extensions/atmel/avrgcc/3.4.0.65/avrtoolchain/bin/../lib/gcc/avr/4.6.2/../../../../avr/lib/avr6\libm.a(addsf3x.o) (__fp_zero)
c:/program files (x86)/atmel/atmel studio 6.0/extensions/atmel/avrgcc/3.4.0.65/avrtoolchain/bin/../lib/gcc/avr/4.6.2/../../../../avr/lib/avr6\libm.a(gesf2.o)
                              SketchBot_final.o (__gtsf2)
c:/program files (x86)/atmel/atmel studio 6.0/extensions/atmel/avrgcc/3.4.0.65/avrtoolchain/bin/../lib/gcc/avr/4.6.2/../../../../avr/lib/avr6\libm.a(inverse.o)
                              c:/program files (x86)/atmel/atmel studio 6.0/extensions/atmel/avrgcc/3.4.0.65/avrtoolchain/bin/../lib/gcc/avr/4.6.2/../../../../avr/lib/avr6\libm.a(atan.o) (inverse)
c:/program files (x86)/atmel/atmel studio 6.0/extensions/atmel/avrgcc/3.4.0.65/avrtoolchain/bin/../lib/gcc/avr/4.6.2/../../../../avr/lib/avr6\libm.a(mulsf3.o)
                              SketchBot_final.o (__mulsf3)
c:/program files (x86)/atmel/atmel studio 6.0/extensions/atmel/avrgcc/3.4.0.65/avrtoolchain/bin/../lib/gcc/avr/4.6.2/../../../../avr/lib/avr6\libm.a(mulsf3x.o)
                              c:/program files (x86)/atmel/atmel studio 6.0/extensions/atmel/avrgcc/3.4.0.65/avrtoolchain/bin/../lib/gcc/avr/4.6.2/../../../../avr/lib/avr6\libm.a(atan.o) (__mulsf3x)
c:/program files (x86)/atmel/atmel studio 6.0/extensions/atmel/avrgcc/3.4.0.65/avrtoolchain/bin/../lib/gcc/avr/4.6.2/../../../../avr/lib/avr6\libm.a(sqrt.o)
                              SketchBot_final.o (sqrt)
c:/program files (x86)/atmel/atmel studio 6.0/extensions/atmel/avrgcc/3.4.0.65/avrtoolchain/bin/../lib/gcc/avr/4.6.2/../../../../avr/lib/avr6\libm.a(square.o)
                              c:/program files (x86)/atmel/atmel studio 6.0/extensions/atmel/avrgcc/3.4.0.65/avrtoolchain/bin/../lib/gcc/avr/4.6.2/../../../../avr/lib/avr6\libm.a(atan.o) (square)
c:/program files (x86)/atmel/atmel studio 6.0/extensions/atmel/avrgcc/3.4.0.65/avrtoolchain/bin/../lib/gcc/avr/4.6.2/../../../../avr/lib/avr6\libm.a(fp_mpack.o)
                              c:/program files (x86)/atmel/atmel studio 6.0/extensions/atmel/avrgcc/3.4.0.65/avrtoolchain/bin/../lib/gcc/avr/4.6.2/../../../../avr/lib/avr6\libm.a(sqrt.o) (__fp_mpack)
c:/program files (x86)/atmel/atmel studio 6.0/extensions/atmel/avrgcc/3.4.0.65/avrtoolchain/bin/../lib/gcc/avr/4.6.2/../../../../avr/lib/avr6\libm.a(fp_norm2.o)
                              c:/program files (x86)/atmel/atmel studio 6.0/extensions/atmel/avrgcc/3.4.0.65/avrtoolchain/bin/../lib/gcc/avr/4.6.2/../../../../avr/lib/avr6\libm.a(sqrt.o) (__fp_norm2)
c:/program files (x86)/atmel/atmel studio 6.0/extensions/atmel/avrgcc/3.4.0.65/avrtoolchain/bin/../lib/gcc/avr/4.6.2/avr6\libgcc.a(_exit.o)
                              c:/program files (x86)/atmel/atmel studio 6.0/extensions/atmel/avrgcc/3.4.0.65/avrtoolchain/bin/../lib/gcc/avr/4.6.2/../../../../avr/lib/avr6/crtm2560.o (exit)
c:/program files (x86)/atmel/atmel studio 6.0/extensions/atmel/avrgcc/3.4.0.65/avrtoolchain/bin/../lib/gcc/avr/4.6.2/avr6\libgcc.a(_copy_data.o)
                              SketchBot_final.o (__do_copy_data)
c:/program files (x86)/atmel/atmel studio 6.0/extensions/atmel/avrgcc/3.4.0.65/avrtoolchain/bin/../lib/gcc/avr/4.6.2/avr6\libgcc.a(_clear_bss.o)
                              SketchBot_final.o (__do_clear_bss)
c:/program files (x86)/atmel/atmel studio 6.0/extensions/atmel/avrgcc/3.4.0.65/avrtoolchain/bin/../lib/gcc/avr/4.6.2/avr6\libgcc.a(_ctors.o)
                              SketchBot_final.o (__do_global_ctors)
c:/program files (x86)/atmel/atmel studio 6.0/extensions/atmel/avrgcc/3.4.0.65/avrtoolchain/bin/../lib/gcc/avr/4.6.2/avr6\libgcc.a(_tablejump_elpm.o)
                              c:/program files (x86)/atmel/atmel studio 6.0/extensions/atmel/avrgcc/3.4.0.65/avrtoolchain/bin/../lib/gcc/avr/4.6.2/avr6\libgcc.a(_ctors.o) (__tablejump_elpm__)

Memory Configuration

Name             Origin             Length             Attributes
text             0x00000000         0x00100000         xr
data             0x00800200         0x0000fe00         rw !x
eeprom           0x00810000         0x00010000         rw !x
fuse             0x00820000         0x00000400         rw !x
lock             0x00830000         0x00000400         rw !x
signature        0x00840000         0x00000400         rw !x
*default*        0x00000000         0xffffffff

Linker script and memory map

Address of section .data set to 0x800200
LOAD c:/program files (x86)/atmel/atmel studio 6.0/extensions/atmel/avrgcc/3.4.0.65/avrtoolchain/bin/../lib/gcc/avr/4.6.2/../../../../avr/lib/avr6/crtm2560.o
LOAD SketchBot_final.o
START GROUP
LOAD c:/program files (x86)/atmel/atmel studio 6.0/extensions/atmel/avrgcc/3.4.0.65/avrtoolchain/bin/../lib/gcc/avr/4.6.2/../../../../avr/lib/avr6\libm.a
END GROUP
LOAD c:/program files (x86)/atmel/atmel studio 6.0/extensions/atmel/avrgcc/3.4.0.65/avrtoolchain/bin/../lib/gcc/avr/4.6.2/avr6\libgcc.a
LOAD c:/program files (x86)/atmel/atmel studio 6.0/extensions/atmel/avrgcc/3.4.0.65/avrtoolchain/bin/../lib/gcc/avr/4.6.2/../../../../avr/lib/avr6\libm.a
LOAD c:/program files (x86)/atmel/atmel studio 6.0/extensions/atmel/avrgcc/3.4.0.65/avrtoolchain/bin/../lib/gcc/avr/4.6.2/avr6\libgcc.a
LOAD c:/program files (x86)/atmel/atmel studio 6.0/extensions/atmel/avrgcc/3.4.0.65/avrtoolchain/bin/../lib/gcc/avr/4.6.2/../../../../avr/lib/avr6\libc.a
LOAD c:/program files (x86)/atmel/atmel studio 6.0/extensions/atmel/avrgcc/3.4.0.65/avrtoolchain/bin/../lib/gcc/avr/4.6.2/avr6\libgcc.a

.hash
 *(.hash)

.dynsym
 *(.dynsym)

.dynstr
 *(.dynstr)

.gnu.version
 *(.gnu.version)

.gnu.version_d
 *(.gnu.version_d)

.gnu.version_r
 *(.gnu.version_r)

.rel.init
 *(.rel.init)

.rela.init
 *(.rela.init)

.rel.text
 *(.rel.text)
 *(.rel.text.*)
 *(.rel.gnu.linkonce.t*)

.rela.text
 *(.rela.text)
 *(.rela.text.*)
 *(.rela.gnu.linkonce.t*)

.rel.fini
 *(.rel.fini)

.rela.fini
 *(.rela.fini)

.rel.rodata
 *(.rel.rodata)
 *(.rel.rodata.*)
 *(.rel.gnu.linkonce.r*)

.rela.rodata
 *(.rela.rodata)
 *(.rela.rodata.*)
 *(.rela.gnu.linkonce.r*)

.rel.data
 *(.rel.data)
 *(.rel.data.*)
 *(.rel.gnu.linkonce.d*)

.rela.data
 *(.rela.data)
 *(.rela.data.*)
 *(.rela.gnu.linkonce.d*)

.rel.ctors
 *(.rel.ctors)

.rela.ctors
 *(.rela.ctors)

.rel.dtors
 *(.rel.dtors)

.rela.dtors
 *(.rela.dtors)

.rel.got
 *(.rel.got)

.rela.got
 *(.rela.got)

.rel.bss
 *(.rel.bss)

.rela.bss
 *(.rela.bss)

.rel.plt
 *(.rel.plt)

.rela.plt
 *(.rela.plt)

.text           0x00000000     0x15a4
 *(.vectors)
 .vectors       0x00000000       0xe4 c:/program files (x86)/atmel/atmel studio 6.0/extensions/atmel/avrgcc/3.4.0.65/avrtoolchain/bin/../lib/gcc/avr/4.6.2/../../../../avr/lib/avr6/crtm2560.o
                0x00000000                __vector_default
                0x00000000                __vectors
 *(.vectors)
 *(.progmem.gcc*)
 .progmem.gcc_fplib
                0x000000e4       0x2d c:/program files (x86)/atmel/atmel studio 6.0/extensions/atmel/avrgcc/3.4.0.65/avrtoolchain/bin/../lib/gcc/avr/4.6.2/../../../../avr/lib/avr6\libm.a(atan.o)
 *(.progmem*)
                0x00000112                . = ALIGN (0x2)
 *fill*         0x00000111        0x1 00
                0x00000112                __trampolines_start = .
 *(.trampolines)
 .trampolines   0x00000112        0x0 linker stubs
 *(.trampolines*)
                0x00000112                __trampolines_end = .
 *(.jumptables)
 *(.jumptables*)
 *(.lowtext)
 *(.lowtext*)
                0x00000112                __ctors_start = .
 *(.ctors)
 .ctors         0x00000112        0x2 SketchBot_final.o
                0x00000114                __ctors_end = .
                0x00000114                __dtors_start = .
 *(.dtors)
                0x00000114                __dtors_end = .
 SORT(*)(.ctors)
 SORT(*)(.dtors)
 *(.init0)
 .init0         0x00000114        0x0 c:/program files (x86)/atmel/atmel studio 6.0/extensions/atmel/avrgcc/3.4.0.65/avrtoolchain/bin/../lib/gcc/avr/4.6.2/../../../../avr/lib/avr6/crtm2560.o
                0x00000114                __init
 *(.init0)
 *(.init1)
 *(.init1)
 *(.init2)
 .init2         0x00000114       0x10 c:/program files (x86)/atmel/atmel studio 6.0/extensions/atmel/avrgcc/3.4.0.65/avrtoolchain/bin/../lib/gcc/avr/4.6.2/../../../../avr/lib/avr6/crtm2560.o
 *(.init2)
 *(.init3)
 *(.init3)
 *(.init4)
 .init4         0x00000124       0x1a c:/program files (x86)/atmel/atmel studio 6.0/extensions/atmel/avrgcc/3.4.0.65/avrtoolchain/bin/../lib/gcc/avr/4.6.2/avr6\libgcc.a(_copy_data.o)
                0x00000124                __do_copy_data
 .init4         0x0000013e       0x10 c:/program files (x86)/atmel/atmel studio 6.0/extensions/atmel/avrgcc/3.4.0.65/avrtoolchain/bin/../lib/gcc/avr/4.6.2/avr6\libgcc.a(_clear_bss.o)
                0x0000013e                __do_clear_bss
 *(.init4)
 *(.init5)
 *(.init5)
 *(.init6)
 .init6         0x0000014e       0x20 c:/program files (x86)/atmel/atmel studio 6.0/extensions/atmel/avrgcc/3.4.0.65/avrtoolchain/bin/../lib/gcc/avr/4.6.2/avr6\libgcc.a(_ctors.o)
                0x0000014e                __do_global_ctors
 *(.init6)
 *(.init7)
 *(.init7)
 *(.init8)
 *(.init8)
 *(.init9)
 .init9         0x0000016e        0x8 c:/program files (x86)/atmel/atmel studio 6.0/extensions/atmel/avrgcc/3.4.0.65/avrtoolchain/bin/../lib/gcc/avr/4.6.2/../../../../avr/lib/avr6/crtm2560.o
 *(.init9)
 *(.text)
 .text          0x00000176        0x4 c:/program files (x86)/atmel/atmel studio 6.0/extensions/atmel/avrgcc/3.4.0.65/avrtoolchain/bin/../lib/gcc/avr/4.6.2/../../../../avr/lib/avr6/crtm2560.o
                0x00000176                __vector_38
                0x00000176                __vector_22
                0x00000176                __vector_28
                0x00000176                __vector_1
                0x00000176                __vector_32
                0x00000176                __vector_34
                0x00000176                __vector_24
                0x00000176                __vector_12
                0x00000176                __vector_55
                0x00000176                __vector_46
                0x00000176                __bad_interrupt
                0x00000176                __vector_31
                0x00000176                __vector_35
                0x00000176                __vector_39
                0x00000176                __vector_3
                0x00000176                __vector_23
                0x00000176                __vector_30
                0x00000176                __vector_45
                0x00000176                __vector_11
                0x00000176                __vector_54
                0x00000176                __vector_13
                0x00000176                __vector_17
                0x00000176                __vector_19
                0x00000176                __vector_56
                0x00000176                __vector_7
                0x00000176                __vector_49
                0x00000176                __vector_41
                0x00000176                __vector_43
                0x00000176                __vector_27
                0x00000176                __vector_33
                0x00000176                __vector_47
                0x00000176                __vector_52
                0x00000176                __vector_37
                0x00000176                __vector_4
                0x00000176                __vector_44
                0x00000176                __vector_51
                0x00000176                __vector_9
                0x00000176                __vector_2
                0x00000176                __vector_21
                0x00000176                __vector_15
                0x00000176                __vector_36
                0x00000176                __vector_29
                0x00000176                __vector_40
                0x00000176                __vector_8
                0x00000176                __vector_26
                0x00000176                __vector_48
                0x00000176                __vector_14
                0x00000176                __vector_53
                0x00000176                __vector_10
                0x00000176                __vector_50
                0x00000176                __vector_16
                0x00000176                __vector_18
                0x00000176                __vector_20
                0x00000176                __vector_42
 .text          0x0000017a      0xe22 SketchBot_final.o
                0x0000017a                motion_pin_config()
                0x0000019c                motion_set(unsigned char)
                0x000001a8                forward()
                0x000001b0                back()
                0x000001b8                left()
                0x000001c0                right()
                0x000001c8                soft_left()
                0x000001d0                soft_right()
                0x000001d8                soft_left_2()
                0x000001e0                soft_right_2()
                0x000001e8                stop()
                0x000001f0                timer5_init()
                0x00000214                velocity(unsigned char, unsigned char)
                0x0000021e                left_encoder_pin_config()
                0x00000224                right_encoder_pin_config()
                0x0000022a                left_position_encoder_interrupt_init()
                0x0000023c                right_position_encoder_interrupt_init()
                0x0000024e                __vector_6
                0x00000298                __vector_5
                0x000002e2                position_encoder_init()
                0x000002f4                angle_rotate(unsigned int)
                0x00000390                linear_distance_mm(unsigned int)
                0x000003e2                forward_mm(unsigned int)
                0x000003f8                back_mm(unsigned int)
                0x0000040e                left_degrees(unsigned int)
                0x00000424                right_degrees(unsigned int)
                0x0000043a                soft_left_degrees(unsigned int)
                0x00000454                soft_right_degrees(unsigned int)
                0x0000046e                soft_left_2_degrees(unsigned int)
                0x00000488                soft_right_2_degrees(unsigned int)
                0x000004a2                calc_rotate_angle(Point, Point, float)
                0x000006c2                calc_distance(Point, Point)
                0x0000079e                update_current_angle(Point, Point, float&)
                0x00000900                move(Point, Point, float)
                0x00000aa6                uart0_init()
                0x00000ac6                servo_1_free()
                0x00000ad4                servo_1(unsigned char)
                0x00000b06                servo1_pin_config()
                0x00000b0c                timer1_init()
                0x00000b52                penUp()
                0x00000b5a                penDown()
                0x00000b62                buzzer_on()
                0x00000b6a                buzzer_off()
                0x00000b72                __vector_25
                0x00000ef8                main
 .text          0x00000f9c        0x0 c:/program files (x86)/atmel/atmel studio 6.0/extensions/atmel/avrgcc/3.4.0.65/avrtoolchain/bin/../lib/gcc/avr/4.6.2/../../../../avr/lib/avr6\libm.a(addsf3.o)
 .text          0x00000f9c        0x0 c:/program files (x86)/atmel/atmel studio 6.0/extensions/atmel/avrgcc/3.4.0.65/avrtoolchain/bin/../lib/gcc/avr/4.6.2/../../../../avr/lib/avr6\libm.a(addsf3x.o)
 .text          0x00000f9c        0x0 c:/program files (x86)/atmel/atmel studio 6.0/extensions/atmel/avrgcc/3.4.0.65/avrtoolchain/bin/../lib/gcc/avr/4.6.2/../../../../avr/lib/avr6\libm.a(atan2.o)
 .text          0x00000f9c        0x0 c:/program files (x86)/atmel/atmel studio 6.0/extensions/atmel/avrgcc/3.4.0.65/avrtoolchain/bin/../lib/gcc/avr/4.6.2/../../../../avr/lib/avr6\libm.a(atan.o)
 .text          0x00000f9c        0x0 c:/program files (x86)/atmel/atmel studio 6.0/extensions/atmel/avrgcc/3.4.0.65/avrtoolchain/bin/../lib/gcc/avr/4.6.2/../../../../avr/lib/avr6\libm.a(cmpsf2.o)
 .text          0x00000f9c        0x0 c:/program files (x86)/atmel/atmel studio 6.0/extensions/atmel/avrgcc/3.4.0.65/avrtoolchain/bin/../lib/gcc/avr/4.6.2/../../../../avr/lib/avr6\libm.a(divsf3.o)
 .text          0x00000f9c        0x0 c:/program files (x86)/atmel/atmel studio 6.0/extensions/atmel/avrgcc/3.4.0.65/avrtoolchain/bin/../lib/gcc/avr/4.6.2/../../../../avr/lib/avr6\libm.a(divsf3x.o)
 .text          0x00000f9c        0x0 c:/program files (x86)/atmel/atmel studio 6.0/extensions/atmel/avrgcc/3.4.0.65/avrtoolchain/bin/../lib/gcc/avr/4.6.2/../../../../avr/lib/avr6\libm.a(fixunssfsi.o)
 .text          0x00000f9c        0x0 c:/program files (x86)/atmel/atmel studio 6.0/extensions/atmel/avrgcc/3.4.0.65/avrtoolchain/bin/../lib/gcc/avr/4.6.2/../../../../avr/lib/avr6\libm.a(floatsisf.o)
 .text          0x00000f9c        0x0 c:/program files (x86)/atmel/atmel studio 6.0/extensions/atmel/avrgcc/3.4.0.65/avrtoolchain/bin/../lib/gcc/avr/4.6.2/../../../../avr/lib/avr6\libm.a(fp_cmp.o)
 .text          0x00000f9c        0x0 c:/program files (x86)/atmel/atmel studio 6.0/extensions/atmel/avrgcc/3.4.0.65/avrtoolchain/bin/../lib/gcc/avr/4.6.2/../../../../avr/lib/avr6\libm.a(fp_inf.o)
 .text          0x00000f9c        0x0 c:/program files (x86)/atmel/atmel studio 6.0/extensions/atmel/avrgcc/3.4.0.65/avrtoolchain/bin/../lib/gcc/avr/4.6.2/../../../../avr/lib/avr6\libm.a(fp_nan.o)
 .text          0x00000f9c        0x0 c:/program files (x86)/atmel/atmel studio 6.0/extensions/atmel/avrgcc/3.4.0.65/avrtoolchain/bin/../lib/gcc/avr/4.6.2/../../../../avr/lib/avr6\libm.a(fp_powser.o)
 .text          0x00000f9c        0x0 c:/program files (x86)/atmel/atmel studio 6.0/extensions/atmel/avrgcc/3.4.0.65/avrtoolchain/bin/../lib/gcc/avr/4.6.2/../../../../avr/lib/avr6\libm.a(fp_pscA.o)
 .text          0x00000f9c        0x0 c:/program files (x86)/atmel/atmel studio 6.0/extensions/atmel/avrgcc/3.4.0.65/avrtoolchain/bin/../lib/gcc/avr/4.6.2/../../../../avr/lib/avr6\libm.a(fp_pscB.o)
 .text          0x00000f9c        0x0 c:/program files (x86)/atmel/atmel studio 6.0/extensions/atmel/avrgcc/3.4.0.65/avrtoolchain/bin/../lib/gcc/avr/4.6.2/../../../../avr/lib/avr6\libm.a(fp_round.o)
 .text          0x00000f9c        0x0 c:/program files (x86)/atmel/atmel studio 6.0/extensions/atmel/avrgcc/3.4.0.65/avrtoolchain/bin/../lib/gcc/avr/4.6.2/../../../../avr/lib/avr6\libm.a(fp_split3.o)
 .text          0x00000f9c        0x0 c:/program files (x86)/atmel/atmel studio 6.0/extensions/atmel/avrgcc/3.4.0.65/avrtoolchain/bin/../lib/gcc/avr/4.6.2/../../../../avr/lib/avr6\libm.a(fp_zero.o)
 .text          0x00000f9c        0x0 c:/program files (x86)/atmel/atmel studio 6.0/extensions/atmel/avrgcc/3.4.0.65/avrtoolchain/bin/../lib/gcc/avr/4.6.2/../../../../avr/lib/avr6\libm.a(gesf2.o)
 .text          0x00000f9c        0x0 c:/program files (x86)/atmel/atmel studio 6.0/extensions/atmel/avrgcc/3.4.0.65/avrtoolchain/bin/../lib/gcc/avr/4.6.2/../../../../avr/lib/avr6\libm.a(inverse.o)
 .text          0x00000f9c        0x0 c:/program files (x86)/atmel/atmel studio 6.0/extensions/atmel/avrgcc/3.4.0.65/avrtoolchain/bin/../lib/gcc/avr/4.6.2/../../../../avr/lib/avr6\libm.a(mulsf3.o)
 .text          0x00000f9c        0x0 c:/program files (x86)/atmel/atmel studio 6.0/extensions/atmel/avrgcc/3.4.0.65/avrtoolchain/bin/../lib/gcc/avr/4.6.2/../../../../avr/lib/avr6\libm.a(mulsf3x.o)
 .text          0x00000f9c        0x0 c:/program files (x86)/atmel/atmel studio 6.0/extensions/atmel/avrgcc/3.4.0.65/avrtoolchain/bin/../lib/gcc/avr/4.6.2/../../../../avr/lib/avr6\libm.a(sqrt.o)
 .text          0x00000f9c        0x0 c:/program files (x86)/atmel/atmel studio 6.0/extensions/atmel/avrgcc/3.4.0.65/avrtoolchain/bin/../lib/gcc/avr/4.6.2/../../../../avr/lib/avr6\libm.a(square.o)
 .text          0x00000f9c        0x0 c:/program files (x86)/atmel/atmel studio 6.0/extensions/atmel/avrgcc/3.4.0.65/avrtoolchain/bin/../lib/gcc/avr/4.6.2/../../../../avr/lib/avr6\libm.a(fp_mpack.o)
 .text          0x00000f9c        0x0 c:/program files (x86)/atmel/atmel studio 6.0/extensions/atmel/avrgcc/3.4.0.65/avrtoolchain/bin/../lib/gcc/avr/4.6.2/../../../../avr/lib/avr6\libm.a(fp_norm2.o)
 .text          0x00000f9c        0x0 c:/program files (x86)/atmel/atmel studio 6.0/extensions/atmel/avrgcc/3.4.0.65/avrtoolchain/bin/../lib/gcc/avr/4.6.2/avr6\libgcc.a(_exit.o)
 .text          0x00000f9c        0x0 c:/program files (x86)/atmel/atmel studio 6.0/extensions/atmel/avrgcc/3.4.0.65/avrtoolchain/bin/../lib/gcc/avr/4.6.2/avr6\libgcc.a(_copy_data.o)
 .text          0x00000f9c        0x0 c:/program files (x86)/atmel/atmel studio 6.0/extensions/atmel/avrgcc/3.4.0.65/avrtoolchain/bin/../lib/gcc/avr/4.6.2/avr6\libgcc.a(_clear_bss.o)
 .text          0x00000f9c        0x0 c:/program files (x86)/atmel/atmel studio 6.0/extensions/atmel/avrgcc/3.4.0.65/avrtoolchain/bin/../lib/gcc/avr/4.6.2/avr6\libgcc.a(_ctors.o)
 .text          0x00000f9c        0x0 c:/program files (x86)/atmel/atmel studio 6.0/extensions/atmel/avrgcc/3.4.0.65/avrtoolchain/bin/../lib/gcc/avr/4.6.2/avr6\libgcc.a(_tablejump_elpm.o)
                0x00000f9c                . = ALIGN (0x2)
 *(.text.*)
 .text.avr-libc.fplib
                0x00000f9c        0xa c:/program files (x86)/atmel/atmel studio 6.0/extensions/atmel/avrgcc/3.4.0.65/avrtoolchain/bin/../lib/gcc/avr/4.6.2/../../../../avr/lib/avr6\libm.a(addsf3.o)
                0x00000f9c                __subsf3
                0x00000f9e                __addsf3
 .text.avr-libc.fplib
                0x00000fa6       0xc0 c:/program files (x86)/atmel/atmel studio 6.0/extensions/atmel/avrgcc/3.4.0.65/avrtoolchain/bin/../lib/gcc/avr/4.6.2/../../../../avr/lib/avr6\libm.a(addsf3x.o)
                0x00000fc0                __addsf3x
 .text.avr-libc.fplib
                0x00001066       0x74 c:/program files (x86)/atmel/atmel studio 6.0/extensions/atmel/avrgcc/3.4.0.65/avrtoolchain/bin/../lib/gcc/avr/4.6.2/../../../../avr/lib/avr6\libm.a(atan2.o)
                0x00001084                atan2
 .text.avr-libc.fplib
                0x000010da       0x50 c:/program files (x86)/atmel/atmel studio 6.0/extensions/atmel/avrgcc/3.4.0.65/avrtoolchain/bin/../lib/gcc/avr/4.6.2/../../../../avr/lib/avr6\libm.a(atan.o)
                0x000010da                atan
 .text.avr-libc.fplib
                0x0000112a        0x8 c:/program files (x86)/atmel/atmel studio 6.0/extensions/atmel/avrgcc/3.4.0.65/avrtoolchain/bin/../lib/gcc/avr/4.6.2/../../../../avr/lib/avr6\libm.a(cmpsf2.o)
                0x0000112a                __nesf2
                0x0000112a                __eqsf2
                0x0000112a                __cmpsf2
                0x0000112a                __ltsf2
                0x0000112a                __lesf2
 .text.avr-libc.fplib
                0x00001132        0x4 c:/program files (x86)/atmel/atmel studio 6.0/extensions/atmel/avrgcc/3.4.0.65/avrtoolchain/bin/../lib/gcc/avr/4.6.2/../../../../avr/lib/avr6\libm.a(divsf3.o)
                0x00001132                __divsf3
 .text.avr-libc.fplib
                0x00001136       0xcc c:/program files (x86)/atmel/atmel studio 6.0/extensions/atmel/avrgcc/3.4.0.65/avrtoolchain/bin/../lib/gcc/avr/4.6.2/../../../../avr/lib/avr6\libm.a(divsf3x.o)
                0x0000114c                __divsf3x
                0x00001150                __divsf3_pse
 .text.avr-libc.fplib
                0x00001202       0x58 c:/program files (x86)/atmel/atmel studio 6.0/extensions/atmel/avrgcc/3.4.0.65/avrtoolchain/bin/../lib/gcc/avr/4.6.2/../../../../avr/lib/avr6\libm.a(fixunssfsi.o)
                0x00001202                __fixunssfsi
 .text.avr-libc.fplib
                0x0000125a       0x7a c:/program files (x86)/atmel/atmel studio 6.0/extensions/atmel/avrgcc/3.4.0.65/avrtoolchain/bin/../lib/gcc/avr/4.6.2/../../../../avr/lib/avr6\libm.a(floatsisf.o)
                0x0000125a                __floatunsisf
                0x0000125e                __floatsisf
 .text.avr-libc.fplib
                0x000012d4       0x48 c:/program files (x86)/atmel/atmel studio 6.0/extensions/atmel/avrgcc/3.4.0.65/avrtoolchain/bin/../lib/gcc/avr/4.6.2/../../../../avr/lib/avr6\libm.a(fp_cmp.o)
                0x000012d4                __fp_cmp
 .text.avr-libc.fplib
                0x0000131c        0xc c:/program files (x86)/atmel/atmel studio 6.0/extensions/atmel/avrgcc/3.4.0.65/avrtoolchain/bin/../lib/gcc/avr/4.6.2/../../../../avr/lib/avr6\libm.a(fp_inf.o)
                0x0000131c                __fp_inf
 .text.avr-libc.fplib
                0x00001328        0x6 c:/program files (x86)/atmel/atmel studio 6.0/extensions/atmel/avrgcc/3.4.0.65/avrtoolchain/bin/../lib/gcc/avr/4.6.2/../../../../avr/lib/avr6\libm.a(fp_nan.o)
                0x00001328                __fp_nan
 .text.avr-libc.fplib
                0x0000132e       0x4a c:/program files (x86)/atmel/atmel studio 6.0/extensions/atmel/avrgcc/3.4.0.65/avrtoolchain/bin/../lib/gcc/avr/4.6.2/../../../../avr/lib/avr6\libm.a(fp_powser.o)
                0x0000132e                __fp_powser
 .text.avr-libc.fplib
                0x00001378        0xe c:/program files (x86)/atmel/atmel studio 6.0/extensions/atmel/avrgcc/3.4.0.65/avrtoolchain/bin/../lib/gcc/avr/4.6.2/../../../../avr/lib/avr6\libm.a(fp_pscA.o)
                0x00001378                __fp_pscA
 .text.avr-libc.fplib
                0x00001386        0xe c:/program files (x86)/atmel/atmel studio 6.0/extensions/atmel/avrgcc/3.4.0.65/avrtoolchain/bin/../lib/gcc/avr/4.6.2/../../../../avr/lib/avr6\libm.a(fp_pscB.o)
                0x00001386                __fp_pscB
 .text.avr-libc.fplib
                0x00001394       0x22 c:/program files (x86)/atmel/atmel studio 6.0/extensions/atmel/avrgcc/3.4.0.65/avrtoolchain/bin/../lib/gcc/avr/4.6.2/../../../../avr/lib/avr6\libm.a(fp_round.o)
                0x00001394                __fp_round
 .text.avr-libc.fplib
                0x000013b6       0x44 c:/program files (x86)/atmel/atmel studio 6.0/extensions/atmel/avrgcc/3.4.0.65/avrtoolchain/bin/../lib/gcc/avr/4.6.2/../../../../avr/lib/avr6\libm.a(fp_split3.o)
                0x000013b6                __fp_split3
                0x000013c6                __fp_splitA
 .text.avr-libc.fplib
                0x000013fa        0xe c:/program files (x86)/atmel/atmel studio 6.0/extensions/atmel/avrgcc/3.4.0.65/avrtoolchain/bin/../lib/gcc/avr/4.6.2/../../../../avr/lib/avr6\libm.a(fp_zero.o)
                0x000013fa                __fp_zero
                0x000013fc                __fp_szero
 .text.avr-libc.fplib
                0x00001408        0x8 c:/program files (x86)/atmel/atmel studio 6.0/extensions/atmel/avrgcc/3.4.0.65/avrtoolchain/bin/../lib/gcc/avr/4.6.2/../../../../avr/lib/avr6\libm.a(gesf2.o)
                0x00001408                __gesf2
                0x00001408                __gtsf2
 .text.avr-libc.fplib
                0x00001410        0xe c:/program files (x86)/atmel/atmel studio 6.0/extensions/atmel/avrgcc/3.4.0.65/avrtoolchain/bin/../lib/gcc/avr/4.6.2/../../../../avr/lib/avr6\libm.a(inverse.o)
                0x00001410                inverse
 .text.avr-libc.fplib
                0x0000141e        0x4 c:/program files (x86)/atmel/atmel studio 6.0/extensions/atmel/avrgcc/3.4.0.65/avrtoolchain/bin/../lib/gcc/avr/4.6.2/../../../../avr/lib/avr6\libm.a(mulsf3.o)
                0x0000141e                __mulsf3
 .text.avr-libc.fplib
                0x00001422       0xc2 c:/program files (x86)/atmel/atmel studio 6.0/extensions/atmel/avrgcc/3.4.0.65/avrtoolchain/bin/../lib/gcc/avr/4.6.2/../../../../avr/lib/avr6\libm.a(mulsf3x.o)
                0x00001436                __mulsf3x
                0x0000143a                __mulsf3_pse
 .text.avr-libc.fplib
                0x000014e4       0x84 c:/program files (x86)/atmel/atmel studio 6.0/extensions/atmel/avrgcc/3.4.0.65/avrtoolchain/bin/../lib/gcc/avr/4.6.2/../../../../avr/lib/avr6\libm.a(sqrt.o)
                0x000014ec                sqrt
 .text.avr-libc.fplib
                0x00001568        0x6 c:/program files (x86)/atmel/atmel studio 6.0/extensions/atmel/avrgcc/3.4.0.65/avrtoolchain/bin/../lib/gcc/avr/4.6.2/../../../../avr/lib/avr6\libm.a(square.o)
                0x00001568                square
 .text.avr-libc.fplib
                0x0000156e       0x1c c:/program files (x86)/atmel/atmel studio 6.0/extensions/atmel/avrgcc/3.4.0.65/avrtoolchain/bin/../lib/gcc/avr/4.6.2/../../../../avr/lib/avr6\libm.a(fp_mpack.o)
                0x0000156e                __fp_mpack
                0x00001572                __fp_mpack_finite
 .text.avr-libc.fplib
                0x0000158a        0xe c:/program files (x86)/atmel/atmel studio 6.0/extensions/atmel/avrgcc/3.4.0.65/avrtoolchain/bin/../lib/gcc/avr/4.6.2/../../../../avr/lib/avr6\libm.a(fp_norm2.o)
                0x0000158a                __fp_norm2
 .text.libgcc   0x00001598        0x0 c:/program files (x86)/atmel/atmel studio 6.0/extensions/atmel/avrgcc/3.4.0.65/avrtoolchain/bin/../lib/gcc/avr/4.6.2/avr6\libgcc.a(_exit.o)
 .text.libgcc   0x00001598        0x0 c:/program files (x86)/atmel/atmel studio 6.0/extensions/atmel/avrgcc/3.4.0.65/avrtoolchain/bin/../lib/gcc/avr/4.6.2/avr6\libgcc.a(_copy_data.o)
 .text.libgcc   0x00001598        0x0 c:/program files (x86)/atmel/atmel studio 6.0/extensions/atmel/avrgcc/3.4.0.65/avrtoolchain/bin/../lib/gcc/avr/4.6.2/avr6\libgcc.a(_clear_bss.o)
 .text.libgcc   0x00001598        0x0 c:/program files (x86)/atmel/atmel studio 6.0/extensions/atmel/avrgcc/3.4.0.65/avrtoolchain/bin/../lib/gcc/avr/4.6.2/avr6\libgcc.a(_ctors.o)
 .text.libgcc   0x00001598        0x8 c:/program files (x86)/atmel/atmel studio 6.0/extensions/atmel/avrgcc/3.4.0.65/avrtoolchain/bin/../lib/gcc/avr/4.6.2/avr6\libgcc.a(_tablejump_elpm.o)
                0x00001598                __tablejump_elpm__
                0x000015a0                . = ALIGN (0x2)
 *(.fini9)
 .fini9         0x000015a0        0x0 c:/program files (x86)/atmel/atmel studio 6.0/extensions/atmel/avrgcc/3.4.0.65/avrtoolchain/bin/../lib/gcc/avr/4.6.2/avr6\libgcc.a(_exit.o)
                0x000015a0                _exit
                0x000015a0                exit
 *(.fini9)
 *(.fini8)
 *(.fini8)
 *(.fini7)
 *(.fini7)
 *(.fini6)
 *(.fini6)
 *(.fini5)
 *(.fini5)
 *(.fini4)
 *(.fini4)
 *(.fini3)
 *(.fini3)
 *(.fini2)
 *(.fini2)
 *(.fini1)
 *(.fini1)
 *(.fini0)
 .fini0         0x000015a0        0x4 c:/program files (x86)/atmel/atmel studio 6.0/extensions/atmel/avrgcc/3.4.0.65/avrtoolchain/bin/../lib/gcc/avr/4.6.2/avr6\libgcc.a(_exit.o)
 *(.fini0)
                0x000015a4                _etext = .

.data           0x00800200        0x4 load address 0x000015a4
                0x00800200                PROVIDE (__data_start, .)
 *(.data)
 .data          0x00800200        0x0 c:/program files (x86)/atmel/atmel studio 6.0/extensions/atmel/avrgcc/3.4.0.65/avrtoolchain/bin/../lib/gcc/avr/4.6.2/../../../../avr/lib/avr6/crtm2560.o
 .data          0x00800200        0x4 SketchBot_final.o
                0x00800200                current_angle
 .data          0x00800204        0x0 c:/program files (x86)/atmel/atmel studio 6.0/extensions/atmel/avrgcc/3.4.0.65/avrtoolchain/bin/../lib/gcc/avr/4.6.2/../../../../avr/lib/avr6\libm.a(addsf3.o)
 .data          0x00800204        0x0 c:/program files (x86)/atmel/atmel studio 6.0/extensions/atmel/avrgcc/3.4.0.65/avrtoolchain/bin/../lib/gcc/avr/4.6.2/../../../../avr/lib/avr6\libm.a(addsf3x.o)
 .data          0x00800204        0x0 c:/program files (x86)/atmel/atmel studio 6.0/extensions/atmel/avrgcc/3.4.0.65/avrtoolchain/bin/../lib/gcc/avr/4.6.2/../../../../avr/lib/avr6\libm.a(atan2.o)
 .data          0x00800204        0x0 c:/program files (x86)/atmel/atmel studio 6.0/extensions/atmel/avrgcc/3.4.0.65/avrtoolchain/bin/../lib/gcc/avr/4.6.2/../../../../avr/lib/avr6\libm.a(atan.o)
 .data          0x00800204        0x0 c:/program files (x86)/atmel/atmel studio 6.0/extensions/atmel/avrgcc/3.4.0.65/avrtoolchain/bin/../lib/gcc/avr/4.6.2/../../../../avr/lib/avr6\libm.a(cmpsf2.o)
 .data          0x00800204        0x0 c:/program files (x86)/atmel/atmel studio 6.0/extensions/atmel/avrgcc/3.4.0.65/avrtoolchain/bin/../lib/gcc/avr/4.6.2/../../../../avr/lib/avr6\libm.a(divsf3.o)
 .data          0x00800204        0x0 c:/program files (x86)/atmel/atmel studio 6.0/extensions/atmel/avrgcc/3.4.0.65/avrtoolchain/bin/../lib/gcc/avr/4.6.2/../../../../avr/lib/avr6\libm.a(divsf3x.o)
 .data          0x00800204        0x0 c:/program files (x86)/atmel/atmel studio 6.0/extensions/atmel/avrgcc/3.4.0.65/avrtoolchain/bin/../lib/gcc/avr/4.6.2/../../../../avr/lib/avr6\libm.a(fixunssfsi.o)
 .data          0x00800204        0x0 c:/program files (x86)/atmel/atmel studio 6.0/extensions/atmel/avrgcc/3.4.0.65/avrtoolchain/bin/../lib/gcc/avr/4.6.2/../../../../avr/lib/avr6\libm.a(floatsisf.o)
 .data          0x00800204        0x0 c:/program files (x86)/atmel/atmel studio 6.0/extensions/atmel/avrgcc/3.4.0.65/avrtoolchain/bin/../lib/gcc/avr/4.6.2/../../../../avr/lib/avr6\libm.a(fp_cmp.o)
 .data          0x00800204        0x0 c:/program files (x86)/atmel/atmel studio 6.0/extensions/atmel/avrgcc/3.4.0.65/avrtoolchain/bin/../lib/gcc/avr/4.6.2/../../../../avr/lib/avr6\libm.a(fp_inf.o)
 .data          0x00800204        0x0 c:/program files (x86)/atmel/atmel studio 6.0/extensions/atmel/avrgcc/3.4.0.65/avrtoolchain/bin/../lib/gcc/avr/4.6.2/../../../../avr/lib/avr6\libm.a(fp_nan.o)
 .data          0x00800204        0x0 c:/program files (x86)/atmel/atmel studio 6.0/extensions/atmel/avrgcc/3.4.0.65/avrtoolchain/bin/../lib/gcc/avr/4.6.2/../../../../avr/lib/avr6\libm.a(fp_powser.o)
 .data          0x00800204        0x0 c:/program files (x86)/atmel/atmel studio 6.0/extensions/atmel/avrgcc/3.4.0.65/avrtoolchain/bin/../lib/gcc/avr/4.6.2/../../../../avr/lib/avr6\libm.a(fp_pscA.o)
 .data          0x00800204        0x0 c:/program files (x86)/atmel/atmel studio 6.0/extensions/atmel/avrgcc/3.4.0.65/avrtoolchain/bin/../lib/gcc/avr/4.6.2/../../../../avr/lib/avr6\libm.a(fp_pscB.o)
 .data          0x00800204        0x0 c:/program files (x86)/atmel/atmel studio 6.0/extensions/atmel/avrgcc/3.4.0.65/avrtoolchain/bin/../lib/gcc/avr/4.6.2/../../../../avr/lib/avr6\libm.a(fp_round.o)
 .data          0x00800204        0x0 c:/program files (x86)/atmel/atmel studio 6.0/extensions/atmel/avrgcc/3.4.0.65/avrtoolchain/bin/../lib/gcc/avr/4.6.2/../../../../avr/lib/avr6\libm.a(fp_split3.o)
 .data          0x00800204        0x0 c:/program files (x86)/atmel/atmel studio 6.0/extensions/atmel/avrgcc/3.4.0.65/avrtoolchain/bin/../lib/gcc/avr/4.6.2/../../../../avr/lib/avr6\libm.a(fp_zero.o)
 .data          0x00800204        0x0 c:/program files (x86)/atmel/atmel studio 6.0/extensions/atmel/avrgcc/3.4.0.65/avrtoolchain/bin/../lib/gcc/avr/4.6.2/../../../../avr/lib/avr6\libm.a(gesf2.o)
 .data          0x00800204        0x0 c:/program files (x86)/atmel/atmel studio 6.0/extensions/atmel/avrgcc/3.4.0.65/avrtoolchain/bin/../lib/gcc/avr/4.6.2/../../../../avr/lib/avr6\libm.a(inverse.o)
 .data          0x00800204        0x0 c:/program files (x86)/atmel/atmel studio 6.0/extensions/atmel/avrgcc/3.4.0.65/avrtoolchain/bin/../lib/gcc/avr/4.6.2/../../../../avr/lib/avr6\libm.a(mulsf3.o)
 .data          0x00800204        0x0 c:/program files (x86)/atmel/atmel studio 6.0/extensions/atmel/avrgcc/3.4.0.65/avrtoolchain/bin/../lib/gcc/avr/4.6.2/../../../../avr/lib/avr6\libm.a(mulsf3x.o)
 .data          0x00800204        0x0 c:/program files (x86)/atmel/atmel studio 6.0/extensions/atmel/avrgcc/3.4.0.65/avrtoolchain/bin/../lib/gcc/avr/4.6.2/../../../../avr/lib/avr6\libm.a(sqrt.o)
 .data          0x00800204        0x0 c:/program files (x86)/atmel/atmel studio 6.0/extensions/atmel/avrgcc/3.4.0.65/avrtoolchain/bin/../lib/gcc/avr/4.6.2/../../../../avr/lib/avr6\libm.a(square.o)
 .data          0x00800204        0x0 c:/program files (x86)/atmel/atmel studio 6.0/extensions/atmel/avrgcc/3.4.0.65/avrtoolchain/bin/../lib/gcc/avr/4.6.2/../../../../avr/lib/avr6\libm.a(fp_mpack.o)
 .data          0x00800204        0x0 c:/program files (x86)/atmel/atmel studio 6.0/extensions/atmel/avrgcc/3.4.0.65/avrtoolchain/bin/../lib/gcc/avr/4.6.2/../../../../avr/lib/avr6\libm.a(fp_norm2.o)
 .data          0x00800204        0x0 c:/program files (x86)/atmel/atmel studio 6.0/extensions/atmel/avrgcc/3.4.0.65/avrtoolchain/bin/../lib/gcc/avr/4.6.2/avr6\libgcc.a(_exit.o)
 .data          0x00800204        0x0 c:/program files (x86)/atmel/atmel studio 6.0/extensions/atmel/avrgcc/3.4.0.65/avrtoolchain/bin/../lib/gcc/avr/4.6.2/avr6\libgcc.a(_copy_data.o)
 .data          0x00800204        0x0 c:/program files (x86)/atmel/atmel studio 6.0/extensions/atmel/avrgcc/3.4.0.65/avrtoolchain/bin/../lib/gcc/avr/4.6.2/avr6\libgcc.a(_clear_bss.o)
 .data          0x00800204        0x0 c:/program files (x86)/atmel/atmel studio 6.0/extensions/atmel/avrgcc/3.4.0.65/avrtoolchain/bin/../lib/gcc/avr/4.6.2/avr6\libgcc.a(_ctors.o)
 .data          0x00800204        0x0 c:/program files (x86)/atmel/atmel studio 6.0/extensions/atmel/avrgcc/3.4.0.65/avrtoolchain/bin/../lib/gcc/avr/4.6.2/avr6\libgcc.a(_tablejump_elpm.o)
 *(.data*)
 *(.rodata)
 *(.rodata*)
 *(.gnu.linkonce.d*)
                0x00800204                . = ALIGN (0x2)
                0x00800204                _edata = .
                0x00800204                PROVIDE (__data_end, .)

.bss            0x00800204       0x30
                0x00800204                PROVIDE (__bss_start, .)
 *(.bss)
 .bss           0x00800204        0x0 c:/program files (x86)/atmel/atmel studio 6.0/extensions/atmel/avrgcc/3.4.0.65/avrtoolchain/bin/../lib/gcc/avr/4.6.2/../../../../avr/lib/avr6/crtm2560.o
 .bss           0x00800204       0x30 SketchBot_final.o
                0x00800204                angle
                0x00800205                B
                0x0080020d                A
                0x00800215                proceed
                0x00800217                state
                0x00800219                y_base
                0x0080021d                x_base
                0x00800221                y1
                0x00800225                x1
                0x00800229                data
                0x0080022a                Degrees
                0x0080022c                ShaftCountRight
                0x00800230                ShaftCountLeft
 .bss           0x00800234        0x0 c:/program files (x86)/atmel/atmel studio 6.0/extensions/atmel/avrgcc/3.4.0.65/avrtoolchain/bin/../lib/gcc/avr/4.6.2/../../../../avr/lib/avr6\libm.a(addsf3.o)
 .bss           0x00800234        0x0 c:/program files (x86)/atmel/atmel studio 6.0/extensions/atmel/avrgcc/3.4.0.65/avrtoolchain/bin/../lib/gcc/avr/4.6.2/../../../../avr/lib/avr6\libm.a(addsf3x.o)
 .bss           0x00800234        0x0 c:/program files (x86)/atmel/atmel studio 6.0/extensions/atmel/avrgcc/3.4.0.65/avrtoolchain/bin/../lib/gcc/avr/4.6.2/../../../../avr/lib/avr6\libm.a(atan2.o)
 .bss           0x00800234        0x0 c:/program files (x86)/atmel/atmel studio 6.0/extensions/atmel/avrgcc/3.4.0.65/avrtoolchain/bin/../lib/gcc/avr/4.6.2/../../../../avr/lib/avr6\libm.a(atan.o)
 .bss           0x00800234        0x0 c:/program files (x86)/atmel/atmel studio 6.0/extensions/atmel/avrgcc/3.4.0.65/avrtoolchain/bin/../lib/gcc/avr/4.6.2/../../../../avr/lib/avr6\libm.a(cmpsf2.o)
 .bss           0x00800234        0x0 c:/program files (x86)/atmel/atmel studio 6.0/extensions/atmel/avrgcc/3.4.0.65/avrtoolchain/bin/../lib/gcc/avr/4.6.2/../../../../avr/lib/avr6\libm.a(divsf3.o)
 .bss           0x00800234        0x0 c:/program files (x86)/atmel/atmel studio 6.0/extensions/atmel/avrgcc/3.4.0.65/avrtoolchain/bin/../lib/gcc/avr/4.6.2/../../../../avr/lib/avr6\libm.a(divsf3x.o)
 .bss           0x00800234        0x0 c:/program files (x86)/atmel/atmel studio 6.0/extensions/atmel/avrgcc/3.4.0.65/avrtoolchain/bin/../lib/gcc/avr/4.6.2/../../../../avr/lib/avr6\libm.a(fixunssfsi.o)
 .bss           0x00800234        0x0 c:/program files (x86)/atmel/atmel studio 6.0/extensions/atmel/avrgcc/3.4.0.65/avrtoolchain/bin/../lib/gcc/avr/4.6.2/../../../../avr/lib/avr6\libm.a(floatsisf.o)
 .bss           0x00800234        0x0 c:/program files (x86)/atmel/atmel studio 6.0/extensions/atmel/avrgcc/3.4.0.65/avrtoolchain/bin/../lib/gcc/avr/4.6.2/../../../../avr/lib/avr6\libm.a(fp_cmp.o)
 .bss           0x00800234        0x0 c:/program files (x86)/atmel/atmel studio 6.0/extensions/atmel/avrgcc/3.4.0.65/avrtoolchain/bin/../lib/gcc/avr/4.6.2/../../../../avr/lib/avr6\libm.a(fp_inf.o)
 .bss           0x00800234        0x0 c:/program files (x86)/atmel/atmel studio 6.0/extensions/atmel/avrgcc/3.4.0.65/avrtoolchain/bin/../lib/gcc/avr/4.6.2/../../../../avr/lib/avr6\libm.a(fp_nan.o)
 .bss           0x00800234        0x0 c:/program files (x86)/atmel/atmel studio 6.0/extensions/atmel/avrgcc/3.4.0.65/avrtoolchain/bin/../lib/gcc/avr/4.6.2/../../../../avr/lib/avr6\libm.a(fp_powser.o)
 .bss           0x00800234        0x0 c:/program files (x86)/atmel/atmel studio 6.0/extensions/atmel/avrgcc/3.4.0.65/avrtoolchain/bin/../lib/gcc/avr/4.6.2/../../../../avr/lib/avr6\libm.a(fp_pscA.o)
 .bss           0x00800234        0x0 c:/program files (x86)/atmel/atmel studio 6.0/extensions/atmel/avrgcc/3.4.0.65/avrtoolchain/bin/../lib/gcc/avr/4.6.2/../../../../avr/lib/avr6\libm.a(fp_pscB.o)
 .bss           0x00800234        0x0 c:/program files (x86)/atmel/atmel studio 6.0/extensions/atmel/avrgcc/3.4.0.65/avrtoolchain/bin/../lib/gcc/avr/4.6.2/../../../../avr/lib/avr6\libm.a(fp_round.o)
 .bss           0x00800234        0x0 c:/program files (x86)/atmel/atmel studio 6.0/extensions/atmel/avrgcc/3.4.0.65/avrtoolchain/bin/../lib/gcc/avr/4.6.2/../../../../avr/lib/avr6\libm.a(fp_split3.o)
 .bss           0x00800234        0x0 c:/program files (x86)/atmel/atmel studio 6.0/extensions/atmel/avrgcc/3.4.0.65/avrtoolchain/bin/../lib/gcc/avr/4.6.2/../../../../avr/lib/avr6\libm.a(fp_zero.o)
 .bss           0x00800234        0x0 c:/program files (x86)/atmel/atmel studio 6.0/extensions/atmel/avrgcc/3.4.0.65/avrtoolchain/bin/../lib/gcc/avr/4.6.2/../../../../avr/lib/avr6\libm.a(gesf2.o)
 .bss           0x00800234        0x0 c:/program files (x86)/atmel/atmel studio 6.0/extensions/atmel/avrgcc/3.4.0.65/avrtoolchain/bin/../lib/gcc/avr/4.6.2/../../../../avr/lib/avr6\libm.a(inverse.o)
 .bss           0x00800234        0x0 c:/program files (x86)/atmel/atmel studio 6.0/extensions/atmel/avrgcc/3.4.0.65/avrtoolchain/bin/../lib/gcc/avr/4.6.2/../../../../avr/lib/avr6\libm.a(mulsf3.o)
 .bss           0x00800234        0x0 c:/program files (x86)/atmel/atmel studio 6.0/extensions/atmel/avrgcc/3.4.0.65/avrtoolchain/bin/../lib/gcc/avr/4.6.2/../../../../avr/lib/avr6\libm.a(mulsf3x.o)
 .bss           0x00800234        0x0 c:/program files (x86)/atmel/atmel studio 6.0/extensions/atmel/avrgcc/3.4.0.65/avrtoolchain/bin/../lib/gcc/avr/4.6.2/../../../../avr/lib/avr6\libm.a(sqrt.o)
 .bss           0x00800234        0x0 c:/program files (x86)/atmel/atmel studio 6.0/extensions/atmel/avrgcc/3.4.0.65/avrtoolchain/bin/../lib/gcc/avr/4.6.2/../../../../avr/lib/avr6\libm.a(square.o)
 .bss           0x00800234        0x0 c:/program files (x86)/atmel/atmel studio 6.0/extensions/atmel/avrgcc/3.4.0.65/avrtoolchain/bin/../lib/gcc/avr/4.6.2/../../../../avr/lib/avr6\libm.a(fp_mpack.o)
 .bss           0x00800234        0x0 c:/program files (x86)/atmel/atmel studio 6.0/extensions/atmel/avrgcc/3.4.0.65/avrtoolchain/bin/../lib/gcc/avr/4.6.2/../../../../avr/lib/avr6\libm.a(fp_norm2.o)
 .bss           0x00800234        0x0 c:/program files (x86)/atmel/atmel studio 6.0/extensions/atmel/avrgcc/3.4.0.65/avrtoolchain/bin/../lib/gcc/avr/4.6.2/avr6\libgcc.a(_exit.o)
 .bss           0x00800234        0x0 c:/program files (x86)/atmel/atmel studio 6.0/extensions/atmel/avrgcc/3.4.0.65/avrtoolchain/bin/../lib/gcc/avr/4.6.2/avr6\libgcc.a(_copy_data.o)
 .bss           0x00800234        0x0 c:/program files (x86)/atmel/atmel studio 6.0/extensions/atmel/avrgcc/3.4.0.65/avrtoolchain/bin/../lib/gcc/avr/4.6.2/avr6\libgcc.a(_clear_bss.o)
 .bss           0x00800234        0x0 c:/program files (x86)/atmel/atmel studio 6.0/extensions/atmel/avrgcc/3.4.0.65/avrtoolchain/bin/../lib/gcc/avr/4.6.2/avr6\libgcc.a(_ctors.o)
 .bss           0x00800234        0x0 c:/program files (x86)/atmel/atmel studio 6.0/extensions/atmel/avrgcc/3.4.0.65/avrtoolchain/bin/../lib/gcc/avr/4.6.2/avr6\libgcc.a(_tablejump_elpm.o)
 *(.bss*)
 *(COMMON)
                0x00800234                PROVIDE (__bss_end, .)
                0x000015a4                __data_load_start = LOADADDR (.data)
                0x000015a8                __data_load_end = (__data_load_start + SIZEOF (.data))

.noinit         0x00800234        0x0
                0x00800234                PROVIDE (__noinit_start, .)
 *(.noinit*)
                0x00800234                PROVIDE (__noinit_end, .)
                0x00800234                _end = .
                0x00800234                PROVIDE (__heap_start, .)

.eeprom         0x00810000        0x0
 *(.eeprom*)
                0x00810000                __eeprom_end = .

.fuse
 *(.fuse)
 *(.lfuse)
 *(.hfuse)
 *(.efuse)

.lock
 *(.lock*)

.signature
 *(.signature*)

.stab           0x00000000     0x3078
 *(.stab)
 .stab          0x00000000      0x6e4 c:/program files (x86)/atmel/atmel studio 6.0/extensions/atmel/avrgcc/3.4.0.65/avrtoolchain/bin/../lib/gcc/avr/4.6.2/../../../../avr/lib/avr6/crtm2560.o
 .stab          0x000006e4       0x78 c:/program files (x86)/atmel/atmel studio 6.0/extensions/atmel/avrgcc/3.4.0.65/avrtoolchain/bin/../lib/gcc/avr/4.6.2/../../../../avr/lib/avr6\libm.a(addsf3.o)
                                 0x84 (size before relaxing)
 .stab          0x0000075c      0x4bc c:/program files (x86)/atmel/atmel studio 6.0/extensions/atmel/avrgcc/3.4.0.65/avrtoolchain/bin/../lib/gcc/avr/4.6.2/../../../../avr/lib/avr6\libm.a(addsf3x.o)
                                0x4c8 (size before relaxing)
 .stab          0x00000c18      0x2f4 c:/program files (x86)/atmel/atmel studio 6.0/extensions/atmel/avrgcc/3.4.0.65/avrtoolchain/bin/../lib/gcc/avr/4.6.2/../../../../avr/lib/avr6\libm.a(atan2.o)
                                0x300 (size before relaxing)
 .stab          0x00000f0c      0x210 c:/program files (x86)/atmel/atmel studio 6.0/extensions/atmel/avrgcc/3.4.0.65/avrtoolchain/bin/../lib/gcc/avr/4.6.2/../../../../avr/lib/avr6\libm.a(atan.o)
                                0x21c (size before relaxing)
 .stab          0x0000111c       0x90 c:/program files (x86)/atmel/atmel studio 6.0/extensions/atmel/avrgcc/3.4.0.65/avrtoolchain/bin/../lib/gcc/avr/4.6.2/../../../../avr/lib/avr6\libm.a(cmpsf2.o)
                                 0x9c (size before relaxing)
 .stab          0x000011ac       0x48 c:/program files (x86)/atmel/atmel studio 6.0/extensions/atmel/avrgcc/3.4.0.65/avrtoolchain/bin/../lib/gcc/avr/4.6.2/../../../../avr/lib/avr6\libm.a(divsf3.o)
                                 0x54 (size before relaxing)
 .stab          0x000011f4      0x510 c:/program files (x86)/atmel/atmel studio 6.0/extensions/atmel/avrgcc/3.4.0.65/avrtoolchain/bin/../lib/gcc/avr/4.6.2/../../../../avr/lib/avr6\libm.a(divsf3x.o)
                                0x51c (size before relaxing)
 .stab          0x00001704      0x240 c:/program files (x86)/atmel/atmel studio 6.0/extensions/atmel/avrgcc/3.4.0.65/avrtoolchain/bin/../lib/gcc/avr/4.6.2/../../../../avr/lib/avr6\libm.a(fixunssfsi.o)
                                0x24c (size before relaxing)
 .stab          0x00001944      0x318 c:/program files (x86)/atmel/atmel studio 6.0/extensions/atmel/avrgcc/3.4.0.65/avrtoolchain/bin/../lib/gcc/avr/4.6.2/../../../../avr/lib/avr6\libm.a(floatsisf.o)
                                0x324 (size before relaxing)
 .stab          0x00001c5c      0x1e0 c:/program files (x86)/atmel/atmel studio 6.0/extensions/atmel/avrgcc/3.4.0.65/avrtoolchain/bin/../lib/gcc/avr/4.6.2/../../../../avr/lib/avr6\libm.a(fp_cmp.o)
                                0x1ec (size before relaxing)
 .stab          0x00001e3c       0x78 c:/program files (x86)/atmel/atmel studio 6.0/extensions/atmel/avrgcc/3.4.0.65/avrtoolchain/bin/../lib/gcc/avr/4.6.2/../../../../avr/lib/avr6\libm.a(fp_inf.o)
                                 0x84 (size before relaxing)
 .stab          0x00001eb4       0x54 c:/program files (x86)/atmel/atmel studio 6.0/extensions/atmel/avrgcc/3.4.0.65/avrtoolchain/bin/../lib/gcc/avr/4.6.2/../../../../avr/lib/avr6\libm.a(fp_nan.o)
                                 0x60 (size before relaxing)
 .stab          0x00001f08      0x1ec c:/program files (x86)/atmel/atmel studio 6.0/extensions/atmel/avrgcc/3.4.0.65/avrtoolchain/bin/../lib/gcc/avr/4.6.2/../../../../avr/lib/avr6\libm.a(fp_powser.o)
                                0x1f8 (size before relaxing)
 .stab          0x000020f4       0x84 c:/program files (x86)/atmel/atmel studio 6.0/extensions/atmel/avrgcc/3.4.0.65/avrtoolchain/bin/../lib/gcc/avr/4.6.2/../../../../avr/lib/avr6\libm.a(fp_pscA.o)
                                 0x90 (size before relaxing)
 .stab          0x00002178       0x84 c:/program files (x86)/atmel/atmel studio 6.0/extensions/atmel/avrgcc/3.4.0.65/avrtoolchain/bin/../lib/gcc/avr/4.6.2/../../../../avr/lib/avr6\libm.a(fp_pscB.o)
                                 0x90 (size before relaxing)
 .stab          0x000021fc       0xfc c:/program files (x86)/atmel/atmel studio 6.0/extensions/atmel/avrgcc/3.4.0.65/avrtoolchain/bin/../lib/gcc/avr/4.6.2/../../../../avr/lib/avr6\libm.a(fp_round.o)
                                0x108 (size before relaxing)
 .stab          0x000022f8      0x1d4 c:/program files (x86)/atmel/atmel studio 6.0/extensions/atmel/avrgcc/3.4.0.65/avrtoolchain/bin/../lib/gcc/avr/4.6.2/../../../../avr/lib/avr6\libm.a(fp_split3.o)
                                0x1e0 (size before relaxing)
 .stab          0x000024cc       0x90 c:/program files (x86)/atmel/atmel studio 6.0/extensions/atmel/avrgcc/3.4.0.65/avrtoolchain/bin/../lib/gcc/avr/4.6.2/../../../../avr/lib/avr6\libm.a(fp_zero.o)
                                 0x9c (size before relaxing)
 .stab          0x0000255c       0x6c c:/program files (x86)/atmel/atmel studio 6.0/extensions/atmel/avrgcc/3.4.0.65/avrtoolchain/bin/../lib/gcc/avr/4.6.2/../../../../avr/lib/avr6\libm.a(gesf2.o)
                                 0x78 (size before relaxing)
 .stab          0x000025c8       0x84 c:/program files (x86)/atmel/atmel studio 6.0/extensions/atmel/avrgcc/3.4.0.65/avrtoolchain/bin/../lib/gcc/avr/4.6.2/../../../../avr/lib/avr6\libm.a(inverse.o)
                                 0x90 (size before relaxing)
 .stab          0x0000264c       0x48 c:/program files (x86)/atmel/atmel studio 6.0/extensions/atmel/avrgcc/3.4.0.65/avrtoolchain/bin/../lib/gcc/avr/4.6.2/../../../../avr/lib/avr6\libm.a(mulsf3.o)
                                 0x54 (size before relaxing)
 .stab          0x00002694      0x4d4 c:/program files (x86)/atmel/atmel studio 6.0/extensions/atmel/avrgcc/3.4.0.65/avrtoolchain/bin/../lib/gcc/avr/4.6.2/../../../../avr/lib/avr6\libm.a(mulsf3x.o)
                                0x4e0 (size before relaxing)
 .stab          0x00002b68      0x354 c:/program files (x86)/atmel/atmel studio 6.0/extensions/atmel/avrgcc/3.4.0.65/avrtoolchain/bin/../lib/gcc/avr/4.6.2/../../../../avr/lib/avr6\libm.a(sqrt.o)
                                0x360 (size before relaxing)
 .stab          0x00002ebc       0x54 c:/program files (x86)/atmel/atmel studio 6.0/extensions/atmel/avrgcc/3.4.0.65/avrtoolchain/bin/../lib/gcc/avr/4.6.2/../../../../avr/lib/avr6\libm.a(square.o)
                                 0x60 (size before relaxing)
 .stab          0x00002f10       0xe4 c:/program files (x86)/atmel/atmel studio 6.0/extensions/atmel/avrgcc/3.4.0.65/avrtoolchain/bin/../lib/gcc/avr/4.6.2/../../../../avr/lib/avr6\libm.a(fp_mpack.o)
                                 0xf0 (size before relaxing)
 .stab          0x00002ff4       0x84 c:/program files (x86)/atmel/atmel studio 6.0/extensions/atmel/avrgcc/3.4.0.65/avrtoolchain/bin/../lib/gcc/avr/4.6.2/../../../../avr/lib/avr6\libm.a(fp_norm2.o)
                                 0x90 (size before relaxing)

.stabstr        0x00000000      0xa73
 *(.stabstr)
 .stabstr       0x00000000      0xa73 c:/program files (x86)/atmel/atmel studio 6.0/extensions/atmel/avrgcc/3.4.0.65/avrtoolchain/bin/../lib/gcc/avr/4.6.2/../../../../avr/lib/avr6/crtm2560.o

.stab.excl
 *(.stab.excl)

.stab.exclstr
 *(.stab.exclstr)

.stab.index
 *(.stab.index)

.stab.indexstr
 *(.stab.indexstr)

.comment
 *(.comment)

.debug
 *(.debug)

.line
 *(.line)

.debug_srcinfo
 *(.debug_srcinfo)

.debug_sfnames
 *(.debug_sfnames)

.debug_aranges  0x00000000       0xc0
 *(.debug_aranges)
 .debug_aranges
                0x00000000       0x20 SketchBot_final.o
 .debug_aranges
                0x00000020       0x20 c:/program files (x86)/atmel/atmel studio 6.0/extensions/atmel/avrgcc/3.4.0.65/avrtoolchain/bin/../lib/gcc/avr/4.6.2/avr6\libgcc.a(_exit.o)
 .debug_aranges
                0x00000040       0x20 c:/program files (x86)/atmel/atmel studio 6.0/extensions/atmel/avrgcc/3.4.0.65/avrtoolchain/bin/../lib/gcc/avr/4.6.2/avr6\libgcc.a(_copy_data.o)
 .debug_aranges
                0x00000060       0x20 c:/program files (x86)/atmel/atmel studio 6.0/extensions/atmel/avrgcc/3.4.0.65/avrtoolchain/bin/../lib/gcc/avr/4.6.2/avr6\libgcc.a(_clear_bss.o)
 .debug_aranges
                0x00000080       0x20 c:/program files (x86)/atmel/atmel studio 6.0/extensions/atmel/avrgcc/3.4.0.65/avrtoolchain/bin/../lib/gcc/avr/4.6.2/avr6\libgcc.a(_ctors.o)
 .debug_aranges
                0x000000a0       0x20 c:/program files (x86)/atmel/atmel studio 6.0/extensions/atmel/avrgcc/3.4.0.65/avrtoolchain/bin/../lib/gcc/avr/4.6.2/avr6\libgcc.a(_tablejump_elpm.o)

.debug_pubnames
 *(.debug_pubnames)

.debug_info     0x00000000      0xec5
 *(.debug_info)
 .debug_info    0x00000000      0xa74 SketchBot_final.o
 .debug_info    0x00000a74       0xdd c:/program files (x86)/atmel/atmel studio 6.0/extensions/atmel/avrgcc/3.4.0.65/avrtoolchain/bin/../lib/gcc/avr/4.6.2/avr6\libgcc.a(_exit.o)
 .debug_info    0x00000b51       0xdd c:/program files (x86)/atmel/atmel studio 6.0/extensions/atmel/avrgcc/3.4.0.65/avrtoolchain/bin/../lib/gcc/avr/4.6.2/avr6\libgcc.a(_copy_data.o)
 .debug_info    0x00000c2e       0xdd c:/program files (x86)/atmel/atmel studio 6.0/extensions/atmel/avrgcc/3.4.0.65/avrtoolchain/bin/../lib/gcc/avr/4.6.2/avr6\libgcc.a(_clear_bss.o)
 .debug_info    0x00000d0b       0xdd c:/program files (x86)/atmel/atmel studio 6.0/extensions/atmel/avrgcc/3.4.0.65/avrtoolchain/bin/../lib/gcc/avr/4.6.2/avr6\libgcc.a(_ctors.o)
 .debug_info    0x00000de8       0xdd c:/program files (x86)/atmel/atmel studio 6.0/extensions/atmel/avrgcc/3.4.0.65/avrtoolchain/bin/../lib/gcc/avr/4.6.2/avr6\libgcc.a(_tablejump_elpm.o)
 *(.gnu.linkonce.wi.*)

.debug_abbrev   0x00000000      0x2e1
 *(.debug_abbrev)
 .debug_abbrev  0x00000000      0x27d SketchBot_final.o
 .debug_abbrev  0x0000027d       0x14 c:/program files (x86)/atmel/atmel studio 6.0/extensions/atmel/avrgcc/3.4.0.65/avrtoolchain/bin/../lib/gcc/avr/4.6.2/avr6\libgcc.a(_exit.o)
 .debug_abbrev  0x00000291       0x14 c:/program files (x86)/atmel/atmel studio 6.0/extensions/atmel/avrgcc/3.4.0.65/avrtoolchain/bin/../lib/gcc/avr/4.6.2/avr6\libgcc.a(_copy_data.o)
 .debug_abbrev  0x000002a5       0x14 c:/program files (x86)/atmel/atmel studio 6.0/extensions/atmel/avrgcc/3.4.0.65/avrtoolchain/bin/../lib/gcc/avr/4.6.2/avr6\libgcc.a(_clear_bss.o)
 .debug_abbrev  0x000002b9       0x14 c:/program files (x86)/atmel/atmel studio 6.0/extensions/atmel/avrgcc/3.4.0.65/avrtoolchain/bin/../lib/gcc/avr/4.6.2/avr6\libgcc.a(_ctors.o)
 .debug_abbrev  0x000002cd       0x14 c:/program files (x86)/atmel/atmel studio 6.0/extensions/atmel/avrgcc/3.4.0.65/avrtoolchain/bin/../lib/gcc/avr/4.6.2/avr6\libgcc.a(_tablejump_elpm.o)

.debug_line     0x00000000      0x60a
 *(.debug_line)
 .debug_line    0x00000000      0x342 SketchBot_final.o
 .debug_line    0x00000342       0x88 c:/program files (x86)/atmel/atmel studio 6.0/extensions/atmel/avrgcc/3.4.0.65/avrtoolchain/bin/../lib/gcc/avr/4.6.2/avr6\libgcc.a(_exit.o)
 .debug_line    0x000003ca       0x93 c:/program files (x86)/atmel/atmel studio 6.0/extensions/atmel/avrgcc/3.4.0.65/avrtoolchain/bin/../lib/gcc/avr/4.6.2/avr6\libgcc.a(_copy_data.o)
 .debug_line    0x0000045d       0x8e c:/program files (x86)/atmel/atmel studio 6.0/extensions/atmel/avrgcc/3.4.0.65/avrtoolchain/bin/../lib/gcc/avr/4.6.2/avr6\libgcc.a(_clear_bss.o)
 .debug_line    0x000004eb       0x95 c:/program files (x86)/atmel/atmel studio 6.0/extensions/atmel/avrgcc/3.4.0.65/avrtoolchain/bin/../lib/gcc/avr/4.6.2/avr6\libgcc.a(_ctors.o)
 .debug_line    0x00000580       0x8a c:/program files (x86)/atmel/atmel studio 6.0/extensions/atmel/avrgcc/3.4.0.65/avrtoolchain/bin/../lib/gcc/avr/4.6.2/avr6\libgcc.a(_tablejump_elpm.o)

.debug_frame    0x00000000      0x568
 *(.debug_frame)
 .debug_frame   0x00000000      0x568 SketchBot_final.o

.debug_str      0x00000000      0x7e6
 *(.debug_str)
 .debug_str     0x00000000      0x7e6 SketchBot_final.o
                                0x878 (size before relaxing)

.debug_loc      0x00000000      0xba5
 *(.debug_loc)
 .debug_loc     0x00000000      0xba5 SketchBot_final.o

.debug_macinfo
 *(.debug_macinfo)
OUTPUT(SketchBot_final.elf elf32-avr)
LOAD linker stubs
